// Jest Snapshot v1, https://goo.gl/fbAQLP

exports[`renders learn react link 1`] = `
<DocumentFragment>
  <div
    class="App"
  >
    <button
      id="install-button"
      style="display: none;"
    >
      Установить приложение
    </button>
    <h1>
      Loading!
    </h1>
    <div
      class="Toastify"
    />
  </div>
</DocumentFragment>
`;
